// Jest Snapshot v1, https://goo.gl/fbAQLP

exports[`Prueba inicial del componente <GifGridItem /> Debe mostrar <GifGridItem /> correctamente 1`] = `
<div
  className="card animate__animated animate__fadeIn"
>
  <img
    alt="Título de prueba"
    src="https://urldeprueba.com"
  />
  <p>
    Título de prueba
  </p>
</div>
`;
