// Jest Snapshot v1, https://goo.gl/fbAQLP

exports[`Prueba sobre el componente <GifGrid /> Debe renderizar el componente correctamente 1`] = `
<Fragment>
  <h3
    className="animate__animated animate__fadeIn"
  >
    funny
  </h3>
  <p
    className="animate__animated animate__flash"
  >
    loading
  </p>
  <div
    className="card-grid"
  />
</Fragment>
`;
